192.168.232.159